
Map of Debug\stm8-1.sm8 from link file Debug\stm8-1.lkf - Tue Jun 11 00:15:25 2019


                               --------
                               Segments
                               --------

start 00008080 end 000080a8 length    40 segment .const
start 000080b9 end 00009197 length  4318 segment .text
start 00004000 end 00004000 length     0 segment .eeprom
start 00000000 end 00000009 length     9 segment .bsct, initialized
start 000080b0 end 000080b9 length     9 segment .bsct, from
start 00000009 end 00000031 length    40 segment .ubsct
start 00000031 end 00000031 length     0 segment .bit
start 00000031 end 00000031 length     0 segment .share
start 00000100 end 00000100 length     0 segment .data
start 00000100 end 00000100 length     0 segment .bss
start 00000000 end 00000bfa length  3066 segment .info.
start 00000000 end 0000d882 length 55426 segment .debug
start 00008000 end 00008080 length   128 segment .const
start 000080a8 end 000080b0 length     8 segment .init


                               -------
                               Modules
                               -------

C:\Program Files (x86)\COSMIC\CXSTM8_32K\Lib\crtsi0.sm8:
start 000080b9 end 00008104 length    75 section .text
start 00000100 end 00000100 length     0 section .bss
start 00000009 end 00000009 length     0 section .ubsct
start 00000000 end 0000002f length    47 section .info.

Debug\bsp_awu.o:
start 00000000 end 0000013d length   317 section .debug
start 0000002f end 000000ae length   127 section .info.
start ******** end ******** length     0 section .text *** removed ***

Debug\stm8s_adc1.o:
start 0000013d end 0000172e length  5617 section .debug
start 000000ae end 00000130 length   130 section .info.
start 00008104 end 00008135 length    49 section .text
start 00008135 end 0000815f length    42 section .text
start 0000815f end 0000816d length    14 section .text
start ******** end ******** length     0 section .text *** removed ***
start ******** end ******** length     0 section .text *** removed ***
start ******** end ******** length     0 section .text *** removed ***
start 0000816d end 00008180 length    19 section .text
start 00008180 end 0000820e length   142 section .text
start 0000820e end 0000823c length    46 section .text
start 0000823c end 0000825d length    33 section .text
start ******** end ******** length     0 section .text *** removed ***
start 0000825d end 000082a1 length    68 section .text
start ******** end ******** length     0 section .text *** removed ***
start ******** end ******** length     0 section .text *** removed ***
start ******** end ******** length     0 section .text *** removed ***
start ******** end ******** length     0 section .text *** removed ***
start ******** end ******** length     0 section .text *** removed ***
start 000082a1 end 000082fb length    90 section .text
start 000082fb end 00008356 length    91 section .text
start ******** end ******** length     0 section .text *** removed ***
start ******** end ******** length     0 section .text *** removed ***

Debug\stm8s_awu.o:
start 0000172e end 00001ced length  1471 section .debug
start 00000130 end 000001b1 length   129 section .info.
start ******** end ******** length     0 section .const *** removed ***
start ******** end ******** length     0 section .text *** removed ***
start ******** end ******** length     0 section .text *** removed ***
start ******** end ******** length     0 section .text *** removed ***
start ******** end ******** length     0 section .text *** removed ***
start ******** end ******** length     0 section .text *** removed ***
start ******** end ******** length     0 section .text *** removed ***

Debug\stm8s_clk.o:
start 00001ced end 0000335c length  5743 section .debug
start 000001b1 end 00000232 length   129 section .info.
start ******** end ******** length     0 section .const *** removed ***
start 00008356 end 0000838e length    56 section .text
start ******** end ******** length     0 section .text *** removed ***
start ******** end ******** length     0 section .text *** removed ***
start 0000838e end 0000839c length    14 section .text
start ******** end ******** length     0 section .text *** removed ***
start ******** end ******** length     0 section .text *** removed ***
start ******** end ******** length     0 section .text *** removed ***
start ******** end ******** length     0 section .text *** removed ***
start 0000839c end 00008408 length   108 section .text
start ******** end ******** length     0 section .text *** removed ***
start 00008408 end 0000841b length    19 section .text
start ******** end ******** length     0 section .text *** removed ***
start ******** end ******** length     0 section .text *** removed ***
start 0000841b end 00008448 length    45 section .text
start ******** end ******** length     0 section .text *** removed ***
start 00008448 end 0000844d length     5 section .text
start ******** end ******** length     0 section .text *** removed ***
start ******** end ******** length     0 section .text *** removed ***
start ******** end ******** length     0 section .text *** removed ***
start ******** end ******** length     0 section .text *** removed ***
start ******** end ******** length     0 section .text *** removed ***
start ******** end ******** length     0 section .text *** removed ***
start ******** end ******** length     0 section .text *** removed ***

Debug\stm8s_exti.o:
start 0000335c end 000037eb length  1167 section .debug
start 00000232 end 000002b4 length   130 section .info.
start ******** end ******** length     0 section .text *** removed ***
start ******** end ******** length     0 section .text *** removed ***
start ******** end ******** length     0 section .text *** removed ***
start ******** end ******** length     0 section .text *** removed ***
start ******** end ******** length     0 section .text *** removed ***

Debug\stm8s_flash.o:
start 000037eb end 000045ca length  3551 section .debug
start 000002b4 end 00000337 length   131 section .info.
start ******** end ******** length     0 section .text *** removed ***
start ******** end ******** length     0 section .text *** removed ***
start ******** end ******** length     0 section .text *** removed ***
start ******** end ******** length     0 section .text *** removed ***
start ******** end ******** length     0 section .text *** removed ***
start ******** end ******** length     0 section .text *** removed ***
start ******** end ******** length     0 section .text *** removed ***
start ******** end ******** length     0 section .text *** removed ***
start ******** end ******** length     0 section .text *** removed ***
start ******** end ******** length     0 section .text *** removed ***
start ******** end ******** length     0 section .text *** removed ***
start ******** end ******** length     0 section .text *** removed ***
start ******** end ******** length     0 section .text *** removed ***
start ******** end ******** length     0 section .text *** removed ***
start ******** end ******** length     0 section .text *** removed ***
start ******** end ******** length     0 section .text *** removed ***
start ******** end ******** length     0 section .text *** removed ***
start ******** end ******** length     0 section .text *** removed ***
start ******** end ******** length     0 section .text *** removed ***
start ******** end ******** length     0 section .text *** removed ***

Debug\stm8s_gpio.o:
start 000045ca end 00004fd4 length  2570 section .debug
start 00000337 end 000003b9 length   130 section .info.
start ******** end ******** length     0 section .text *** removed ***
start 0000844d end 000084b5 length   104 section .text
start ******** end ******** length     0 section .text *** removed ***
start 000084b5 end 000084bc length     7 section .text
start 000084bc end 000084c4 length     8 section .text
start ******** end ******** length     0 section .text *** removed ***
start ******** end ******** length     0 section .text *** removed ***
start ******** end ******** length     0 section .text *** removed ***
start ******** end ******** length     0 section .text *** removed ***
start ******** end ******** length     0 section .text *** removed ***

Debug\stm8s_itc.o:
start 00004fd4 end 000055d7 length  1539 section .debug
start 000003b9 end 0000043a length   129 section .info.
start ******** end ******** length     0 section .text *** removed ***
start ******** end ******** length     0 section .text *** removed ***
start ******** end ******** length     0 section .text *** removed ***
start ******** end ******** length     0 section .const *** removed ***
start ******** end ******** length     0 section .text *** removed ***
start ******** end ******** length     0 section .text *** removed ***

Debug\stm8s_rst.o:
start 000055d7 end 00005806 length   559 section .debug
start 0000043a end 000004bb length   129 section .info.
start ******** end ******** length     0 section .text *** removed ***
start ******** end ******** length     0 section .text *** removed ***

Debug\stm8s_tim1.o:
start 00005806 end 00009790 length 16266 section .debug
start 000004bb end 0000053d length   130 section .info.
start 000084c4 end 0000855d length   153 section .text
start ******** end ******** length     0 section .text *** removed ***
start ******** end ******** length     0 section .text *** removed ***
start ******** end ******** length     0 section .text *** removed ***
start ******** end ******** length     0 section .text *** removed ***
start ******** end ******** length     0 section .text *** removed ***
start ******** end ******** length     0 section .text *** removed ***
start ******** end ******** length     0 section .text *** removed ***
start ******** end ******** length     0 section .text *** removed ***
start ******** end ******** length     0 section .text *** removed ***
start ******** end ******** length     0 section .text *** removed ***
start ******** end ******** length     0 section .text *** removed ***
start ******** end ******** length     0 section .text *** removed ***
start ******** end ******** length     0 section .text *** removed ***
start ******** end ******** length     0 section .text *** removed ***
start ******** end ******** length     0 section .text *** removed ***
start ******** end ******** length     0 section .text *** removed ***
start ******** end ******** length     0 section .text *** removed ***
start ******** end ******** length     0 section .text *** removed ***
start ******** end ******** length     0 section .text *** removed ***
start ******** end ******** length     0 section .text *** removed ***
start ******** end ******** length     0 section .text *** removed ***
start ******** end ******** length     0 section .text *** removed ***
start ******** end ******** length     0 section .text *** removed ***
start ******** end ******** length     0 section .text *** removed ***
start ******** end ******** length     0 section .text *** removed ***
start ******** end ******** length     0 section .text *** removed ***
start ******** end ******** length     0 section .text *** removed ***
start ******** end ******** length     0 section .text *** removed ***
start ******** end ******** length     0 section .text *** removed ***
start ******** end ******** length     0 section .text *** removed ***
start ******** end ******** length     0 section .text *** removed ***
start ******** end ******** length     0 section .text *** removed ***
start ******** end ******** length     0 section .text *** removed ***
start ******** end ******** length     0 section .text *** removed ***
start ******** end ******** length     0 section .text *** removed ***
start ******** end ******** length     0 section .text *** removed ***
start ******** end ******** length     0 section .text *** removed ***
start ******** end ******** length     0 section .text *** removed ***
start ******** end ******** length     0 section .text *** removed ***
start ******** end ******** length     0 section .text *** removed ***
start ******** end ******** length     0 section .text *** removed ***
start ******** end ******** length     0 section .text *** removed ***
start ******** end ******** length     0 section .text *** removed ***
start ******** end ******** length     0 section .text *** removed ***
start ******** end ******** length     0 section .text *** removed ***
start ******** end ******** length     0 section .text *** removed ***
start ******** end ******** length     0 section .text *** removed ***
start ******** end ******** length     0 section .text *** removed ***
start ******** end ******** length     0 section .text *** removed ***
start ******** end ******** length     0 section .text *** removed ***
start ******** end ******** length     0 section .text *** removed ***
start ******** end ******** length     0 section .text *** removed ***
start ******** end ******** length     0 section .text *** removed ***
start ******** end ******** length     0 section .text *** removed ***
start ******** end ******** length     0 section .text *** removed ***
start ******** end ******** length     0 section .text *** removed ***
start ******** end ******** length     0 section .text *** removed ***
start ******** end ******** length     0 section .text *** removed ***
start ******** end ******** length     0 section .text *** removed ***
start ******** end ******** length     0 section .text *** removed ***
start ******** end ******** length     0 section .text *** removed ***
start ******** end ******** length     0 section .text *** removed ***
start ******** end ******** length     0 section .text *** removed ***
start ******** end ******** length     0 section .text *** removed ***
start ******** end ******** length     0 section .text *** removed ***
start ******** end ******** length     0 section .text *** removed ***
start ******** end ******** length     0 section .text *** removed ***
start ******** end ******** length     0 section .text *** removed ***
start ******** end ******** length     0 section .text *** removed ***
start ******** end ******** length     0 section .text *** removed ***
start ******** end ******** length     0 section .text *** removed ***
start ******** end ******** length     0 section .text *** removed ***
start ******** end ******** length     0 section .text *** removed ***
start ******** end ******** length     0 section .text *** removed ***
start ******** end ******** length     0 section .text *** removed ***
start ******** end ******** length     0 section .text *** removed ***
start ******** end ******** length     0 section .text *** removed ***

Debug\stm8s_tim2.o:
start 00009790 end 0000baa4 length  8980 section .debug
start 0000053d end 000005bf length   130 section .info.
start ******** end ******** length     0 section .text *** removed ***
start 0000855d end 0000856d length    16 section .text
start ******** end ******** length     0 section .text *** removed ***
start ******** end ******** length     0 section .text *** removed ***
start 0000856d end 0000859f length    50 section .text
start ******** end ******** length     0 section .text *** removed ***
start ******** end ******** length     0 section .text *** removed ***
start 0000859f end 000085ad length    14 section .text
start ******** end ******** length     0 section .text *** removed ***
start ******** end ******** length     0 section .text *** removed ***
start ******** end ******** length     0 section .text *** removed ***
start ******** end ******** length     0 section .text *** removed ***
start ******** end ******** length     0 section .text *** removed ***
start ******** end ******** length     0 section .text *** removed ***
start ******** end ******** length     0 section .text *** removed ***
start ******** end ******** length     0 section .text *** removed ***
start ******** end ******** length     0 section .text *** removed ***
start ******** end ******** length     0 section .text *** removed ***
start ******** end ******** length     0 section .text *** removed ***
start 000085ad end 000085bb length    14 section .text
start ******** end ******** length     0 section .text *** removed ***
start ******** end ******** length     0 section .text *** removed ***
start ******** end ******** length     0 section .text *** removed ***
start ******** end ******** length     0 section .text *** removed ***
start ******** end ******** length     0 section .text *** removed ***
start ******** end ******** length     0 section .text *** removed ***
start ******** end ******** length     0 section .text *** removed ***
start ******** end ******** length     0 section .text *** removed ***
start ******** end ******** length     0 section .text *** removed ***
start ******** end ******** length     0 section .text *** removed ***
start ******** end ******** length     0 section .text *** removed ***
start ******** end ******** length     0 section .text *** removed ***
start ******** end ******** length     0 section .text *** removed ***
start ******** end ******** length     0 section .text *** removed ***
start ******** end ******** length     0 section .text *** removed ***
start ******** end ******** length     0 section .text *** removed ***
start ******** end ******** length     0 section .text *** removed ***
start ******** end ******** length     0 section .text *** removed ***
start ******** end ******** length     0 section .text *** removed ***
start ******** end ******** length     0 section .text *** removed ***
start ******** end ******** length     0 section .text *** removed ***
start ******** end ******** length     0 section .text *** removed ***
start ******** end ******** length     0 section .text *** removed ***
start ******** end ******** length     0 section .text *** removed ***
start ******** end ******** length     0 section .text *** removed ***
start ******** end ******** length     0 section .text *** removed ***

Debug\stm8s_tim4.o:
start 0000baa4 end 0000c65b length  2999 section .debug
start 000005bf end 00000641 length   130 section .info.
start ******** end ******** length     0 section .text *** removed ***
start 000085bb end 000085c4 length     9 section .text
start 000085c4 end 000085d2 length    14 section .text
start 000085d2 end 000085eb length    25 section .text
start ******** end ******** length     0 section .text *** removed ***
start ******** end ******** length     0 section .text *** removed ***
start ******** end ******** length     0 section .text *** removed ***
start ******** end ******** length     0 section .text *** removed ***
start ******** end ******** length     0 section .text *** removed ***
start ******** end ******** length     0 section .text *** removed ***
start ******** end ******** length     0 section .text *** removed ***
start ******** end ******** length     0 section .text *** removed ***
start ******** end ******** length     0 section .text *** removed ***
start ******** end ******** length     0 section .text *** removed ***
start ******** end ******** length     0 section .text *** removed ***
start 000085eb end 000085f0 length     5 section .text
start ******** end ******** length     0 section .text *** removed ***
start 000085f0 end 000085f5 length     5 section .text

Debug\main.o:
start 00000000 end 00000009 length     9 section .bsct
start 00000009 end 00000027 length    30 section .ubsct
start 0000c65b end 0000d145 length  2794 section .debug
start 00000641 end 000006bd length   124 section .info.
start ******** end ******** length     0 section .text *** removed ***
start 000085f5 end 0000860f length    26 section .text
start 0000860f end 00008636 length    39 section .text
start 00008636 end 00008663 length    45 section .text
start 00008663 end 0000869c length    57 section .text
start 0000869c end 0000871e length   130 section .text
start 0000871e end 00008733 length    21 section .text
start 00008733 end 000087b8 length   133 section .text
start 000087b8 end 000087de length    38 section .text
start 000087de end 00008809 length    43 section .text
start 00008809 end 0000883a length    49 section .text
start 00008080 end 000080a8 length    40 section .const
start 0000883a end 00008884 length    74 section .text
start 00008884 end 000088c6 length    66 section .text
start 000088c6 end 000089a9 length   227 section .text
start 000089a9 end 00008a27 length   126 section .text
start 00008a27 end 00008b4d length   294 section .text
start 00008b4d end 00008e9c length   847 section .text

Debug\stm8s_it.o:
start 0000d145 end 0000d7cc length  1671 section .debug
start 000006bd end 0000073d length   128 section .info.
start 00008e9c end 00008e9d length     1 section .text
start 00008e9d end 00008e9e length     1 section .text
start 00008e9e end 00008e9f length     1 section .text
start 00008e9f end 00008ea5 length     6 section .text
start 00008ea5 end 00008ea6 length     1 section .text
start 00008ea6 end 00008ea7 length     1 section .text
start ******** end ******** length     0 section .text *** removed ***
start 00008ea7 end 00008ea8 length     1 section .text
start 00008ea8 end 00008ea9 length     1 section .text
start 00008ea9 end 00008eaa length     1 section .text
start 00008eaa end 00008eab length     1 section .text
start 00008eab end 00008eac length     1 section .text
start 00008eac end 00008ead length     1 section .text
start 00008ead end 00008eae length     1 section .text
start 00008eae end 00008eaf length     1 section .text
start 00008eaf end 00008eb0 length     1 section .text
start 00008eb0 end 00008eb1 length     1 section .text
start 00008eb1 end 00008eb2 length     1 section .text
start 00008eb2 end 00008eb3 length     1 section .text
start 00008eb3 end 00008eb4 length     1 section .text
start 00008eb4 end 00008ee2 length    46 section .text
start 00008ee2 end 00008ee3 length     1 section .text

(C:\Program Files (x86)\COSMIC\CXSTM8_32K\Lib\libm0.sm8)cmulx.o:
start ******** end ******** length     0 section .text *** removed ***
start 0000073d end 0000076c length    47 section .info.

(C:\Program Files (x86)\COSMIC\CXSTM8_32K\Lib\libm0.sm8)imul.o:
start 00008ee3 end 00008f04 length    33 section .text
start 0000076c end 0000079a length    46 section .info.

(C:\Program Files (x86)\COSMIC\CXSTM8_32K\Lib\libm0.sm8)ladc.o:
start 00008f04 end 00008f15 length    17 section .text
start 0000079a end 000007c8 length    46 section .info.

(C:\Program Files (x86)\COSMIC\CXSTM8_32K\Lib\libm0.sm8)ladd.o:
start 00008f15 end 00008f2d length    24 section .text
start 000007c8 end 000007f6 length    46 section .info.

(C:\Program Files (x86)\COSMIC\CXSTM8_32K\Lib\libm0.sm8)lcmp.o:
start 00008f2d end 00008f4d length    32 section .text
start 000007f6 end 00000824 length    46 section .info.

(C:\Program Files (x86)\COSMIC\CXSTM8_32K\Lib\libm0.sm8)lgadc.o:
start 00008f4d end 00008f5d length    16 section .text
start 00000824 end 00000853 length    47 section .info.

(C:\Program Files (x86)\COSMIC\CXSTM8_32K\Lib\libm0.sm8)lgadd.o:
start ******** end ******** length     0 section .text *** removed ***
start 00000853 end 00000882 length    47 section .info.

(C:\Program Files (x86)\COSMIC\CXSTM8_32K\Lib\libm0.sm8)llsh.o:
start 00008f5d end 00008f6c length    15 section .text
start 00000882 end 000008b0 length    46 section .info.

(C:\Program Files (x86)\COSMIC\CXSTM8_32K\Lib\libm0.sm8)lmul.o:
start 00008f6c end 00008ff7 length   139 section .text
start 000008b0 end 000008de length    46 section .info.

(C:\Program Files (x86)\COSMIC\CXSTM8_32K\Lib\libm0.sm8)lreg.o:
start 00000027 end 0000002b length     4 section .ubsct
start 000008de end 0000090c length    46 section .info.

(C:\Program Files (x86)\COSMIC\CXSTM8_32K\Lib\libm0.sm8)ltor.o:
start 00008ff7 end 00009009 length    18 section .text
start 0000090c end 0000093a length    46 section .info.

(C:\Program Files (x86)\COSMIC\CXSTM8_32K\Lib\libm0.sm8)ludiv.o:
start 00009009 end 0000901d length    20 section .text
start 0000093a end 00000969 length    47 section .info.

(C:\Program Files (x86)\COSMIC\CXSTM8_32K\Lib\libm0.sm8)ldiv.o:
start 0000901d end 00009108 length   235 section .text
start 00000969 end 00000997 length    46 section .info.

(C:\Program Files (x86)\COSMIC\CXSTM8_32K\Lib\libm0.sm8)lgneg.o:
start 00009108 end 0000911b length    19 section .text
start 00000997 end 000009c6 length    47 section .info.

(C:\Program Files (x86)\COSMIC\CXSTM8_32K\Lib\libm0.sm8)lneg.o:
start 0000911b end 00009130 length    21 section .text
start 000009c6 end 000009f4 length    46 section .info.

(C:\Program Files (x86)\COSMIC\CXSTM8_32K\Lib\libm0.sm8)lursh.o:
start 00009130 end 0000913f length    15 section .text
start 000009f4 end 00000a23 length    47 section .info.

(C:\Program Files (x86)\COSMIC\CXSTM8_32K\Lib\libm0.sm8)rtol.o:
start 0000913f end 00009151 length    18 section .text
start 00000a23 end 00000a51 length    46 section .info.

(C:\Program Files (x86)\COSMIC\CXSTM8_32K\Lib\libm0.sm8)smul.o:
start 00009151 end 00009190 length    63 section .text
start 00000a51 end 00000a7f length    46 section .info.

(C:\Program Files (x86)\COSMIC\CXSTM8_32K\Lib\libm0.sm8)utolx.o:
start 00009190 end 00009197 length     7 section .text
start 00000a7f end 00000aae length    47 section .info.

(C:\Program Files (x86)\COSMIC\CXSTM8_32K\Lib\libm0.sm8)umul.o:
start ******** end ******** length     0 section .text *** removed ***
start 00000aae end 00000adc length    46 section .info.

(C:\Program Files (x86)\COSMIC\CXSTM8_32K\Lib\libm0.sm8)xreg.o:
start 0000002b end 0000002e length     3 section .ubsct
start 00000adc end 00000b0a length    46 section .info.

(C:\Program Files (x86)\COSMIC\CXSTM8_32K\Lib\libm0.sm8)yreg.o:
start 0000002e end 00000031 length     3 section .ubsct
start 00000b0a end 00000b38 length    46 section .info.

Debug\stm8_interrupt_vector.o:
start 0000d7cc end 0000d882 length   182 section .debug
start 00000b38 end 00000bc5 length   141 section .info.
start 00008000 end 00008080 length   128 section .const


                             -----------
                             Stack usage
                             -----------

Debug\main.o:
_ADC_INIT                             17   (2)
_ADC_Read_Battery                     26   (9)
_ADC_Read_Key                         25   (8)
_ADC_Read_Temperature                 26   (9)
_Clk_Init                              5   (2)
_Delay1ms                              6   (4)
_Get_ADCCH_Value                      17   (2)
_INIT_SYS                              8   (2)
_LED_show_cell                         9   (3)
_PWM_Init                             10   (2)
_PWM_SET                              12   (4)
_SHOW_BATTER                          44   (18)
_TIMER_Initializes                     6   (2)
_get_BATCELL                          40   (14)
_main                             >   55   (11)
_run_moto                             14   (2)

Debug\stm8s_adc1.o:
_ADC1_ClearFlag                        4   (4)
_ADC1_Cmd                              2   (2)
_ADC1_ConversionConfig                 5   (5)
_ADC1_DeInit                           2   (2)
_ADC1_ExternalTriggerConfig            4   (4)
_ADC1_GetConversionValue               7   (7)
_ADC1_GetFlagStatus                    4   (4)
_ADC1_Init                            15   (10)
_ADC1_PrescalerConfig                  3   (3)
_ADC1_SchmittTriggerConfig             4   (4)

Debug\stm8s_clk.o:
_CLK_ClockSecuritySystemEnable         2   (2)
_CLK_DeInit                            2   (2)
_CLK_HSICmd                            2   (2)
_CLK_HSIPrescalerConfig                3   (3)
_CLK_PeripheralClockConfig             4   (4)
_CLK_SYSCLKConfig                      3   (3)

Debug\stm8s_gpio.o:
_GPIO_Init                             6   (6)
_GPIO_WriteHigh                        5   (5)
_GPIO_WriteLow                         5   (5)

Debug\stm8s_it.o:
_ADC1_IRQHandler                  >    5   (5)
_AWU_IRQHandler                   >    5   (5)
_CLK_IRQHandler                   >    5   (5)
_EEPROM_EEC_IRQHandler            >    5   (5)
_EXTI_PORTA_IRQHandler            >    5   (5)
_EXTI_PORTB_IRQHandler            >    5   (5)
_EXTI_PORTC_IRQHandler            >    5   (5)
_EXTI_PORTD_IRQHandler            >    5   (5)
_EXTI_PORTE_IRQHandler            >    5   (5)
_I2C_IRQHandler                   >    5   (5)
_NonHandledInterrupt              >    5   (5)
_SPI_IRQHandler                   >    5   (5)
_TIM1_CAP_COM_IRQHandler          >    5   (5)
_TIM1_UPD_OVF_TRG_BRK_IRQHandler  >    5   (5)
_TIM2_CAP_COM_IRQHandler          >    5   (5)
_TIM2_UPD_OVF_BRK_IRQHandler      >    5   (5)
_TIM4_UPD_OVF_IRQHandler          >   13   (11)
_TLI_IRQHandler                   >    5   (5)
_TRAP_IRQHandler                  >    5   (5)
_UART1_RX_IRQHandler              >    5   (5)
_UART1_TX_IRQHandler              >    5   (5)

Debug\stm8s_tim1.o:
_TIM1_DeInit                           2   (2)

Debug\stm8s_tim2.o:
_TIM2_Cmd                              2   (2)
_TIM2_OC3Init                          8   (8)
_TIM2_OC3PreloadConfig                 2   (2)
_TIM2_TimeBaseInit                     5   (5)

Debug\stm8s_tim4.o:
_TIM4_ClearFlag                        2   (2)
_TIM4_ClearITPendingBit                2   (2)
_TIM4_Cmd                              2   (2)
_TIM4_ITConfig                         4   (4)
_TIM4_TimeBaseInit                     2   (2)

Stack size: 68


                              ---------
                              Call tree
                              ---------
   1 > _ADC1_IRQHandler: (5)

   2 > _AWU_IRQHandler: (5)

   3 > _CLK_IRQHandler: (5)

   4 > _EEPROM_EEC_IRQHandler: (5)

   5 > _EXTI_PORTA_IRQHandler: (5)

   6 > _EXTI_PORTB_IRQHandler: (5)

   7 > _EXTI_PORTC_IRQHandler: (5)

   8 > _EXTI_PORTD_IRQHandler: (5)

   9 > _EXTI_PORTE_IRQHandler: (5)

  10 > _I2C_IRQHandler: (5)

  11 > _NonHandledInterrupt: (5)

  12 > _SPI_IRQHandler: (5)

  13 > _TIM1_CAP_COM_IRQHandler: (5)

  14 > _TIM1_UPD_OVF_TRG_BRK_IRQHandler: (5)

  15 > _TIM2_CAP_COM_IRQHandler: (5)

  16 > _TIM2_UPD_OVF_BRK_IRQHandler: (5)

  17 > _TIM4_UPD_OVF_IRQHandler: (11)
  18      + _TIM4_ClearITPendingBit: (2)
       
  19 > _TLI_IRQHandler: (5)

  20 > _TRAP_IRQHandler: (5)

  21 > _UART1_RX_IRQHandler: (5)

  22 > _UART1_TX_IRQHandler: (5)

  23 > __stext: (0)

  24 > _main: (11)
  25      + _ADC1_DeInit: (2)
  26      + _ADC_INIT: (2)
  27      |    + _ADC1_Cmd: (2)
  28      |    + _ADC1_Init: (10)
  29      |    |    + _ADC1_ConversionConfig: (5)
  30      |    |    + _ADC1_ExternalTriggerConfig: (4)
  31      |    |    + _ADC1_PrescalerConfig: (3)
  32      |    |    + _ADC1_SchmittTriggerConfig: (4)
          |    | 
  33      |    + _CLK_PeripheralClockConfig: (4)
          | 
  34      + _ADC_Read_Key: (8)
  35      |    + _Get_ADCCH_Value: (2)
  36      |    |    + _ADC1_ClearFlag: (4)
  37      |    |    + _ADC1_Cmd --> 27
  38      |    |    + _ADC1_GetConversionValue: (7)
  39      |    |    + _ADC1_GetFlagStatus: (4)
  40      |    |    + _ADC1_Init --> 28
          |    | 
          | 
  41      + _ADC_Read_Temperature: (9)
  42      |    + _Get_ADCCH_Value --> 35
          | 
  43      + _Clk_Init: (2)
  44      |    + _CLK_ClockSecuritySystemEnable: (2)
  45      |    + _CLK_DeInit: (2)
  46      |    + _CLK_HSICmd: (2)
  47      |    + _CLK_HSIPrescalerConfig: (3)
  48      |    + _CLK_SYSCLKConfig: (3)
          | 
  49      + _Delay1ms: (4)
  50      + _GPIO_WriteHigh: (5)
  51      + _GPIO_WriteLow: (5)
  52      + _INIT_SYS: (2)
  53      |    + _GPIO_Init: (6)
          | 
  54      + _LED_show_cell: (3)
  55      |    + _Delay1ms --> 49
  56      |    + _GPIO_WriteHigh --> 50
  57      |    + _GPIO_WriteLow --> 51
          | 
  58      + _PWM_Init: (2)
  59      |    + _CLK_PeripheralClockConfig --> 33
  60      |    + _TIM2_Cmd: (2)
  61      |    + _TIM2_OC3Init: (8)
  62      |    + _TIM2_OC3PreloadConfig: (2)
  63      |    + _TIM2_TimeBaseInit: (5)
          | 
  64      + _SHOW_BATTER: (18)
  65      |    + _ADC_Read_Battery: (9)
  66      |    |    + _Get_ADCCH_Value --> 35
          |    | 
  67      |    + _GPIO_WriteHigh --> 50
  68      |    + _GPIO_WriteLow --> 51
          | 
  69      + _TIM1_DeInit: (2)
  70      + _TIMER_Initializes: (2)
  71      |    + _CLK_PeripheralClockConfig --> 33
  72      |    + _TIM4_ClearFlag: (2)
  73      |    + _TIM4_Cmd: (2)
  74      |    + _TIM4_ITConfig: (4)
  75      |    + _TIM4_TimeBaseInit: (2)
          | 
  76      + _get_BATCELL: (14)
  77      |    + _ADC_Read_Battery --> 65
          | 
  78      + _run_moto: (2)
  79      |    + _PWM_SET: (4)
  80      |    |    + _GPIO_WriteLow --> 51
  81      |    |    + _TIM2_OC3Init --> 61
          |    | 
          | 
       
  82   _ADC1_ClearFlag --> 36

  83   _ADC1_Cmd --> 27

  84   _ADC1_ConversionConfig --> 29

  85   _ADC1_DeInit --> 25

  86   _ADC1_ExternalTriggerConfig --> 30

  87   _ADC1_GetConversionValue --> 38

  88   _ADC1_GetFlagStatus --> 39

  89   _ADC1_Init --> 28

  90   _ADC1_PrescalerConfig --> 31

  91   _ADC1_SchmittTriggerConfig --> 32

  92   _ADC_INIT --> 26

  93   _ADC_Read_Battery --> 65

  94   _ADC_Read_Key --> 34

  95   _ADC_Read_Temperature --> 41

  96   _CLK_ClockSecuritySystemEnable --> 44

  97   _CLK_DeInit --> 45

  98   _CLK_HSICmd --> 46

  99   _CLK_HSIPrescalerConfig --> 47

 100   _CLK_PeripheralClockConfig --> 33

 101   _CLK_SYSCLKConfig --> 48

 102   _Clk_Init --> 43

 103   _Delay1ms --> 49

 104   _GPIO_Init --> 53

 105   _GPIO_WriteHigh --> 50

 106   _GPIO_WriteLow --> 51

 107   _Get_ADCCH_Value --> 35

 108   _INIT_SYS --> 52

 109   _LED_show_cell --> 54

 110   _PWM_Init --> 58

 111   _PWM_SET --> 79

 112   _SHOW_BATTER --> 64

 113   _TIM1_DeInit --> 69

 114   _TIM2_Cmd --> 60

 115   _TIM2_OC3Init --> 61

 116   _TIM2_OC3PreloadConfig --> 62

 117   _TIM2_TimeBaseInit --> 63

 118   _TIM4_ClearFlag --> 72

 119   _TIM4_ClearITPendingBit --> 18

 120   _TIM4_Cmd --> 73

 121   _TIM4_ITConfig --> 74

 122   _TIM4_TimeBaseInit --> 75

 123   _TIMER_Initializes --> 70

 124   _get_BATCELL --> 76

 125   _run_moto --> 78



                               -------
                               Symbols
                               -------

_ADC1_AWDChannelConfig             ********   *** removed from Debug\stm8s_adc1.o ***
_ADC1_ClearFlag                    000082fb   defined in Debug\stm8s_adc1.o section .text
                                              used in Debug\main.o
_ADC1_ClearITPendingBit            ********   *** removed from Debug\stm8s_adc1.o ***
_ADC1_Cmd                          0000815f   defined in Debug\stm8s_adc1.o section .text
                                              used in Debug\main.o
_ADC1_ConversionConfig             0000820e   defined in Debug\stm8s_adc1.o section .text
_ADC1_DataBufferCmd                ********   *** removed from Debug\stm8s_adc1.o ***
_ADC1_DeInit                       00008104   defined in Debug\stm8s_adc1.o section .text
                                              used in Debug\main.o
_ADC1_ExternalTriggerConfig        0000823c   defined in Debug\stm8s_adc1.o section .text
_ADC1_GetAWDChannelStatus          ********   *** removed from Debug\stm8s_adc1.o ***
_ADC1_GetBufferValue               ********   *** removed from Debug\stm8s_adc1.o ***
_ADC1_GetConversionValue           0000825d   defined in Debug\stm8s_adc1.o section .text
                                              used in Debug\main.o
_ADC1_GetFlagStatus                000082a1   defined in Debug\stm8s_adc1.o section .text
                                              used in Debug\main.o
_ADC1_GetITStatus                  ********   *** removed from Debug\stm8s_adc1.o ***
_ADC1_IRQHandler                   00008eb3   defined in Debug\stm8s_it.o section .text
                                              used in Debug\stm8_interrupt_vector.o
_ADC1_ITConfig                     ********   *** removed from Debug\stm8s_adc1.o ***
_ADC1_Init                         00008135   defined in Debug\stm8s_adc1.o section .text
                                              used in Debug\main.o
_ADC1_PrescalerConfig              0000816d   defined in Debug\stm8s_adc1.o section .text
_ADC1_ScanModeCmd                  ********   *** removed from Debug\stm8s_adc1.o ***
_ADC1_SchmittTriggerConfig         00008180   defined in Debug\stm8s_adc1.o section .text
_ADC1_SetHighThreshold             ********   *** removed from Debug\stm8s_adc1.o ***
_ADC1_SetLowThreshold              ********   *** removed from Debug\stm8s_adc1.o ***
_ADC1_StartConversion              ********   *** removed from Debug\stm8s_adc1.o ***
_ADC_INIT                          000087b8   defined in Debug\main.o section .text
_ADC_Read_Battery                  0000883a   defined in Debug\main.o section .text
_ADC_Read_Key                      00008884   defined in Debug\main.o section .text
_ADC_Read_Temperature              00008809   defined in Debug\main.o section .text
_APR_Array                         ********   *** removed from Debug\stm8s_awu.o ***
_AWU_Cmd                           ********   *** removed from Debug\stm8s_awu.o ***
_AWU_DeInit                        ********   *** removed from Debug\stm8s_awu.o ***
_AWU_GetFlagStatus                 ********   *** removed from Debug\stm8s_awu.o ***
_AWU_IRQHandler                    00008e9f   defined in Debug\stm8s_it.o section .text
                                              used in Debug\stm8_interrupt_vector.o
_AWU_IdleModeEnable                ********   *** removed from Debug\stm8s_awu.o ***
_AWU_Init                          ********   *** removed from Debug\stm8s_awu.o ***
_AWU_LSICalibrationConfig          ********   *** removed from Debug\stm8s_awu.o ***
_AWU_LSIMeasurement                ********   *** removed from Debug\bsp_awu.o ***
_BATT_LEVER                        00000008   defined in Debug\main.o section .bsct, initialized
_BAT_SSSCELL                       00000003   defined in Debug\main.o section .bsct, initialized
_CLKPrescTable                     ********   *** removed from Debug\stm8s_clk.o ***
_CLK_AdjustHSICalibrationValue     ********   *** removed from Debug\stm8s_clk.o ***
_CLK_CCOCmd                        ********   *** removed from Debug\stm8s_clk.o ***
_CLK_CCOConfig                     ********   *** removed from Debug\stm8s_clk.o ***
_CLK_ClearITPendingBit             ********   *** removed from Debug\stm8s_clk.o ***
_CLK_ClockSecuritySystemEnable     00008448   defined in Debug\stm8s_clk.o section .text
                                              used in Debug\main.o
_CLK_ClockSwitchCmd                ********   *** removed from Debug\stm8s_clk.o ***
_CLK_ClockSwitchConfig             ********   *** removed from Debug\stm8s_clk.o ***
_CLK_DeInit                        00008356   defined in Debug\stm8s_clk.o section .text
                                              used in Debug\main.o
_CLK_FastHaltWakeUpCmd             ********   *** removed from Debug\stm8s_clk.o ***
_CLK_GetClockFreq                  ********   *** removed from Debug\stm8s_clk.o ***
_CLK_GetFlagStatus                 ********   *** removed from Debug\stm8s_clk.o ***
_CLK_GetITStatus                   ********   *** removed from Debug\stm8s_clk.o ***
_CLK_GetSYSCLKSource               ********   *** removed from Debug\stm8s_clk.o ***
_CLK_HSECmd                        ********   *** removed from Debug\stm8s_clk.o ***
_CLK_HSICmd                        0000838e   defined in Debug\stm8s_clk.o section .text
                                              used in Debug\main.o
_CLK_HSIPrescalerConfig            00008408   defined in Debug\stm8s_clk.o section .text
                                              used in Debug\main.o
_CLK_IRQHandler                    00008ea5   defined in Debug\stm8s_it.o section .text
                                              used in Debug\stm8_interrupt_vector.o
_CLK_ITConfig                      ********   *** removed from Debug\stm8s_clk.o ***
_CLK_LSICmd                        ********   *** removed from Debug\stm8s_clk.o ***
_CLK_PeripheralClockConfig         0000839c   defined in Debug\stm8s_clk.o section .text
                                              used in Debug\main.o
_CLK_SWIMConfig                    ********   *** removed from Debug\stm8s_clk.o ***
_CLK_SYSCLKConfig                  0000841b   defined in Debug\stm8s_clk.o section .text
                                              used in Debug\main.o
_CLK_SYSCLKEmergencyClear          ********   *** removed from Debug\stm8s_clk.o ***
_CLK_SlowActiveHaltWakeUpCmd       ********   *** removed from Debug\stm8s_clk.o ***
_Clk_Init                          0000871e   defined in Debug\main.o section .text
_Delay                             ********   *** removed from Debug\main.o ***
_Delay1ms                          000085f5   defined in Debug\main.o section .text
_EEPROM_EEC_IRQHandler             00008ee2   defined in Debug\stm8s_it.o section .text
                                              used in Debug\stm8_interrupt_vector.o
_EXTI_DeInit                       ********   *** removed from Debug\stm8s_exti.o ***
_EXTI_GetExtIntSensitivity         ********   *** removed from Debug\stm8s_exti.o ***
_EXTI_GetTLISensitivity            ********   *** removed from Debug\stm8s_exti.o ***
_EXTI_PORTA_IRQHandler             00008ea6   defined in Debug\stm8s_it.o section .text
                                              used in Debug\stm8_interrupt_vector.o
_EXTI_PORTB_IRQHandler             00008ea7   defined in Debug\stm8s_it.o section .text
                                              used in Debug\stm8_interrupt_vector.o
_EXTI_PORTC_IRQHandler             00008ea8   defined in Debug\stm8s_it.o section .text
                                              used in Debug\stm8_interrupt_vector.o
_EXTI_PORTD_IRQHandler             00008ea9   defined in Debug\stm8s_it.o section .text
                                              used in Debug\stm8_interrupt_vector.o
_EXTI_PORTE_IRQHandler             00008eaa   defined in Debug\stm8s_it.o section .text
                                              used in Debug\stm8_interrupt_vector.o
_EXTI_SetExtIntSensitivity         ********   *** removed from Debug\stm8s_exti.o ***
_EXTI_SetTLISensitivity            ********   *** removed from Debug\stm8s_exti.o ***
_FLASH_DeInit                      ********   *** removed from Debug\stm8s_flash.o ***
_FLASH_EraseBlock                  ********   *** removed from Debug\stm8s_flash.o ***
_FLASH_EraseByte                   ********   *** removed from Debug\stm8s_flash.o ***
_FLASH_EraseOptionByte             ********   *** removed from Debug\stm8s_flash.o ***
_FLASH_GetBootSize                 ********   *** removed from Debug\stm8s_flash.o ***
_FLASH_GetFlagStatus               ********   *** removed from Debug\stm8s_flash.o ***
_FLASH_GetLowPowerMode             ********   *** removed from Debug\stm8s_flash.o ***
_FLASH_GetProgrammingTime          ********   *** removed from Debug\stm8s_flash.o ***
_FLASH_ITConfig                    ********   *** removed from Debug\stm8s_flash.o ***
_FLASH_Lock                        ********   *** removed from Debug\stm8s_flash.o ***
_FLASH_ProgramBlock                ********   *** removed from Debug\stm8s_flash.o ***
_FLASH_ProgramByte                 ********   *** removed from Debug\stm8s_flash.o ***
_FLASH_ProgramOptionByte           ********   *** removed from Debug\stm8s_flash.o ***
_FLASH_ProgramWord                 ********   *** removed from Debug\stm8s_flash.o ***
_FLASH_ReadByte                    ********   *** removed from Debug\stm8s_flash.o ***
_FLASH_ReadOptionByte              ********   *** removed from Debug\stm8s_flash.o ***
_FLASH_SetLowPowerMode             ********   *** removed from Debug\stm8s_flash.o ***
_FLASH_SetProgrammingTime          ********   *** removed from Debug\stm8s_flash.o ***
_FLASH_Unlock                      ********   *** removed from Debug\stm8s_flash.o ***
_FLASH_WaitForLastOperation        ********   *** removed from Debug\stm8s_flash.o ***
_GPIO_DeInit                       ********   *** removed from Debug\stm8s_gpio.o ***
_GPIO_ExternalPullUpConfig         ********   *** removed from Debug\stm8s_gpio.o ***
_GPIO_Init                         0000844d   defined in Debug\stm8s_gpio.o section .text
                                              used in Debug\main.o
_GPIO_ReadInputData                ********   *** removed from Debug\stm8s_gpio.o ***
_GPIO_ReadInputPin                 ********   *** removed from Debug\stm8s_gpio.o ***
_GPIO_ReadOutputData               ********   *** removed from Debug\stm8s_gpio.o ***
_GPIO_Write                        ********   *** removed from Debug\stm8s_gpio.o ***
_GPIO_WriteHigh                    000084b5   defined in Debug\stm8s_gpio.o section .text
                                              used in Debug\main.o
_GPIO_WriteLow                     000084bc   defined in Debug\stm8s_gpio.o section .text
                                              used in Debug\main.o
_GPIO_WriteReverse                 ********   *** removed from Debug\stm8s_gpio.o ***
_Get_ADCCH_Value                   000087de   defined in Debug\main.o section .text
_HSIDivFactor                      ********   *** removed from Debug\stm8s_clk.o ***
_I2C_IRQHandler                    00008eb2   defined in Debug\stm8s_it.o section .text
                                              used in Debug\stm8_interrupt_vector.o
_INIT_SYS                          00008733   defined in Debug\main.o section .text
_ITC_DeInit                        ********   *** removed from Debug\stm8s_itc.o ***
_ITC_GetCPUCC                      ********   *** removed from Debug\stm8s_itc.o ***
_ITC_GetSoftIntStatus              ********   *** removed from Debug\stm8s_itc.o ***
_ITC_GetSoftwarePriority           ********   *** removed from Debug\stm8s_itc.o ***
_ITC_SetSoftwarePriority           ********   *** removed from Debug\stm8s_itc.o ***
_IT_Delay                          ********   *** removed from Debug\stm8s_it.o ***
_KEY                               00000004   defined in Debug\main.o section .bsct, initialized
_LED_show_cell                     000089a9   defined in Debug\main.o section .text
_LEDtime                           00000025   defined in Debug\main.o section .ubsct
_LEDtype                           00000026   defined in Debug\main.o section .ubsct
_NonHandledInterrupt               00008e9c   defined in Debug\stm8s_it.o section .text
                                              used in Debug\stm8_interrupt_vector.o
_PWM_Init                          00008636   defined in Debug\main.o section .text
_PWM_SET                           00008663   defined in Debug\main.o section .text
_RST_ClearFlag                     ********   *** removed from Debug\stm8s_rst.o ***
_RST_GetFlagStatus                 ********   *** removed from Debug\stm8s_rst.o ***
_SHOW_BATTER                       00008a27   defined in Debug\main.o section .text
_SPI_IRQHandler                    00008eab   defined in Debug\stm8s_it.o section .text
                                              used in Debug\stm8_interrupt_vector.o
_TBR_Array                         ********   *** removed from Debug\stm8s_awu.o ***
_TIM1_ARRPreloadConfig             ********   *** removed from Debug\stm8s_tim1.o ***
_TIM1_BDTRConfig                   ********   *** removed from Debug\stm8s_tim1.o ***
_TIM1_CAP_COM_IRQHandler           00008ead   defined in Debug\stm8s_it.o section .text
                                              used in Debug\stm8_interrupt_vector.o
_TIM1_CCPreloadControl             ********   *** removed from Debug\stm8s_tim1.o ***
_TIM1_CCxCmd                       ********   *** removed from Debug\stm8s_tim1.o ***
_TIM1_CCxNCmd                      ********   *** removed from Debug\stm8s_tim1.o ***
_TIM1_ClearFlag                    ********   *** removed from Debug\stm8s_tim1.o ***
_TIM1_ClearITPendingBit            ********   *** removed from Debug\stm8s_tim1.o ***
_TIM1_Cmd                          ********   *** removed from Debug\stm8s_tim1.o ***
_TIM1_CounterModeConfig            ********   *** removed from Debug\stm8s_tim1.o ***
_TIM1_CtrlPWMOutputs               ********   *** removed from Debug\stm8s_tim1.o ***
_TIM1_DeInit                       000084c4   defined in Debug\stm8s_tim1.o section .text
                                              used in Debug\main.o
_TIM1_ETRClockMode1Config          ********   *** removed from Debug\stm8s_tim1.o ***
_TIM1_ETRClockMode2Config          ********   *** removed from Debug\stm8s_tim1.o ***
_TIM1_ETRConfig                    ********   *** removed from Debug\stm8s_tim1.o ***
_TIM1_EncoderInterfaceConfig       ********   *** removed from Debug\stm8s_tim1.o ***
_TIM1_ForcedOC1Config              ********   *** removed from Debug\stm8s_tim1.o ***
_TIM1_ForcedOC2Config              ********   *** removed from Debug\stm8s_tim1.o ***
_TIM1_ForcedOC3Config              ********   *** removed from Debug\stm8s_tim1.o ***
_TIM1_ForcedOC4Config              ********   *** removed from Debug\stm8s_tim1.o ***
_TIM1_GenerateEvent                ********   *** removed from Debug\stm8s_tim1.o ***
_TIM1_GetCapture1                  ********   *** removed from Debug\stm8s_tim1.o ***
_TIM1_GetCapture2                  ********   *** removed from Debug\stm8s_tim1.o ***
_TIM1_GetCapture3                  ********   *** removed from Debug\stm8s_tim1.o ***
_TIM1_GetCapture4                  ********   *** removed from Debug\stm8s_tim1.o ***
_TIM1_GetCounter                   ********   *** removed from Debug\stm8s_tim1.o ***
_TIM1_GetFlagStatus                ********   *** removed from Debug\stm8s_tim1.o ***
_TIM1_GetITStatus                  ********   *** removed from Debug\stm8s_tim1.o ***
_TIM1_GetPrescaler                 ********   *** removed from Debug\stm8s_tim1.o ***
_TIM1_ICInit                       ********   *** removed from Debug\stm8s_tim1.o ***
_TIM1_ITConfig                     ********   *** removed from Debug\stm8s_tim1.o ***
_TIM1_InternalClockConfig          ********   *** removed from Debug\stm8s_tim1.o ***
_TIM1_OC1FastConfig                ********   *** removed from Debug\stm8s_tim1.o ***
_TIM1_OC1Init                      ********   *** removed from Debug\stm8s_tim1.o ***
_TIM1_OC1NPolarityConfig           ********   *** removed from Debug\stm8s_tim1.o ***
_TIM1_OC1PolarityConfig            ********   *** removed from Debug\stm8s_tim1.o ***
_TIM1_OC1PreloadConfig             ********   *** removed from Debug\stm8s_tim1.o ***
_TIM1_OC2FastConfig                ********   *** removed from Debug\stm8s_tim1.o ***
_TIM1_OC2Init                      ********   *** removed from Debug\stm8s_tim1.o ***
_TIM1_OC2NPolarityConfig           ********   *** removed from Debug\stm8s_tim1.o ***
_TIM1_OC2PolarityConfig            ********   *** removed from Debug\stm8s_tim1.o ***
_TIM1_OC2PreloadConfig             ********   *** removed from Debug\stm8s_tim1.o ***
_TIM1_OC3FastConfig                ********   *** removed from Debug\stm8s_tim1.o ***
_TIM1_OC3Init                      ********   *** removed from Debug\stm8s_tim1.o ***
_TIM1_OC3NPolarityConfig           ********   *** removed from Debug\stm8s_tim1.o ***
_TIM1_OC3PolarityConfig            ********   *** removed from Debug\stm8s_tim1.o ***
_TIM1_OC3PreloadConfig             ********   *** removed from Debug\stm8s_tim1.o ***
_TIM1_OC4FastConfig                ********   *** removed from Debug\stm8s_tim1.o ***
_TIM1_OC4Init                      ********   *** removed from Debug\stm8s_tim1.o ***
_TIM1_OC4PolarityConfig            ********   *** removed from Debug\stm8s_tim1.o ***
_TIM1_OC4PreloadConfig             ********   *** removed from Debug\stm8s_tim1.o ***
_TIM1_PWMIConfig                   ********   *** removed from Debug\stm8s_tim1.o ***
_TIM1_PrescalerConfig              ********   *** removed from Debug\stm8s_tim1.o ***
_TIM1_SelectCOM                    ********   *** removed from Debug\stm8s_tim1.o ***
_TIM1_SelectHallSensor             ********   *** removed from Debug\stm8s_tim1.o ***
_TIM1_SelectInputTrigger           ********   *** removed from Debug\stm8s_tim1.o ***
_TIM1_SelectMasterSlaveMode        ********   *** removed from Debug\stm8s_tim1.o ***
_TIM1_SelectOCxM                   ********   *** removed from Debug\stm8s_tim1.o ***
_TIM1_SelectOnePulseMode           ********   *** removed from Debug\stm8s_tim1.o ***
_TIM1_SelectOutputTrigger          ********   *** removed from Debug\stm8s_tim1.o ***
_TIM1_SelectSlaveMode              ********   *** removed from Debug\stm8s_tim1.o ***
_TIM1_SetAutoreload                ********   *** removed from Debug\stm8s_tim1.o ***
_TIM1_SetCompare1                  ********   *** removed from Debug\stm8s_tim1.o ***
_TIM1_SetCompare2                  ********   *** removed from Debug\stm8s_tim1.o ***
_TIM1_SetCompare3                  ********   *** removed from Debug\stm8s_tim1.o ***
_TIM1_SetCompare4                  ********   *** removed from Debug\stm8s_tim1.o ***
_TIM1_SetCounter                   ********   *** removed from Debug\stm8s_tim1.o ***
_TIM1_SetIC1Prescaler              ********   *** removed from Debug\stm8s_tim1.o ***
_TIM1_SetIC2Prescaler              ********   *** removed from Debug\stm8s_tim1.o ***
_TIM1_SetIC3Prescaler              ********   *** removed from Debug\stm8s_tim1.o ***
_TIM1_SetIC4Prescaler              ********   *** removed from Debug\stm8s_tim1.o ***
_TIM1_TIxExternalClockConfig       ********   *** removed from Debug\stm8s_tim1.o ***
_TIM1_TimeBaseInit                 ********   *** removed from Debug\stm8s_tim1.o ***
_TIM1_UPD_OVF_TRG_BRK_IRQHandler   00008eac   defined in Debug\stm8s_it.o section .text
                                              used in Debug\stm8_interrupt_vector.o
_TIM1_UpdateDisableConfig          ********   *** removed from Debug\stm8s_tim1.o ***
_TIM1_UpdateRequestConfig          ********   *** removed from Debug\stm8s_tim1.o ***
_TIM2_ARRPreloadConfig             ********   *** removed from Debug\stm8s_tim2.o ***
_TIM2_CAP_COM_IRQHandler           00008eaf   defined in Debug\stm8s_it.o section .text
                                              used in Debug\stm8_interrupt_vector.o
_TIM2_CCxCmd                       ********   *** removed from Debug\stm8s_tim2.o ***
_TIM2_ClearFlag                    ********   *** removed from Debug\stm8s_tim2.o ***
_TIM2_ClearITPendingBit            ********   *** removed from Debug\stm8s_tim2.o ***
_TIM2_Cmd                          0000859f   defined in Debug\stm8s_tim2.o section .text
                                              used in Debug\main.o
_TIM2_DeInit                       ********   *** removed from Debug\stm8s_tim2.o ***
_TIM2_ForcedOC1Config              ********   *** removed from Debug\stm8s_tim2.o ***
_TIM2_ForcedOC2Config              ********   *** removed from Debug\stm8s_tim2.o ***
_TIM2_ForcedOC3Config              ********   *** removed from Debug\stm8s_tim2.o ***
_TIM2_GenerateEvent                ********   *** removed from Debug\stm8s_tim2.o ***
_TIM2_GetCapture1                  ********   *** removed from Debug\stm8s_tim2.o ***
_TIM2_GetCapture2                  ********   *** removed from Debug\stm8s_tim2.o ***
_TIM2_GetCapture3                  ********   *** removed from Debug\stm8s_tim2.o ***
_TIM2_GetCounter                   ********   *** removed from Debug\stm8s_tim2.o ***
_TIM2_GetFlagStatus                ********   *** removed from Debug\stm8s_tim2.o ***
_TIM2_GetITStatus                  ********   *** removed from Debug\stm8s_tim2.o ***
_TIM2_GetPrescaler                 ********   *** removed from Debug\stm8s_tim2.o ***
_TIM2_ICInit                       ********   *** removed from Debug\stm8s_tim2.o ***
_TIM2_ITConfig                     ********   *** removed from Debug\stm8s_tim2.o ***
_TIM2_OC1Init                      ********   *** removed from Debug\stm8s_tim2.o ***
_TIM2_OC1PolarityConfig            ********   *** removed from Debug\stm8s_tim2.o ***
_TIM2_OC1PreloadConfig             ********   *** removed from Debug\stm8s_tim2.o ***
_TIM2_OC2Init                      ********   *** removed from Debug\stm8s_tim2.o ***
_TIM2_OC2PolarityConfig            ********   *** removed from Debug\stm8s_tim2.o ***
_TIM2_OC2PreloadConfig             ********   *** removed from Debug\stm8s_tim2.o ***
_TIM2_OC3Init                      0000856d   defined in Debug\stm8s_tim2.o section .text
                                              used in Debug\main.o
_TIM2_OC3PolarityConfig            ********   *** removed from Debug\stm8s_tim2.o ***
_TIM2_OC3PreloadConfig             000085ad   defined in Debug\stm8s_tim2.o section .text
                                              used in Debug\main.o
_TIM2_PWMIConfig                   ********   *** removed from Debug\stm8s_tim2.o ***
_TIM2_PrescalerConfig              ********   *** removed from Debug\stm8s_tim2.o ***
_TIM2_SelectOCxM                   ********   *** removed from Debug\stm8s_tim2.o ***
_TIM2_SelectOnePulseMode           ********   *** removed from Debug\stm8s_tim2.o ***
_TIM2_SetAutoreload                ********   *** removed from Debug\stm8s_tim2.o ***
_TIM2_SetCompare1                  ********   *** removed from Debug\stm8s_tim2.o ***
_TIM2_SetCompare2                  ********   *** removed from Debug\stm8s_tim2.o ***
_TIM2_SetCompare3                  ********   *** removed from Debug\stm8s_tim2.o ***
_TIM2_SetCounter                   ********   *** removed from Debug\stm8s_tim2.o ***
_TIM2_SetIC1Prescaler              ********   *** removed from Debug\stm8s_tim2.o ***
_TIM2_SetIC2Prescaler              ********   *** removed from Debug\stm8s_tim2.o ***
_TIM2_SetIC3Prescaler              ********   *** removed from Debug\stm8s_tim2.o ***
_TIM2_TimeBaseInit                 0000855d   defined in Debug\stm8s_tim2.o section .text
                                              used in Debug\main.o
_TIM2_UPD_OVF_BRK_IRQHandler       00008eae   defined in Debug\stm8s_it.o section .text
                                              used in Debug\stm8_interrupt_vector.o
_TIM2_UpdateDisableConfig          ********   *** removed from Debug\stm8s_tim2.o ***
_TIM2_UpdateRequestConfig          ********   *** removed from Debug\stm8s_tim2.o ***
_TIM4_ARRPreloadConfig             ********   *** removed from Debug\stm8s_tim4.o ***
_TIM4_ClearFlag                    000085eb   defined in Debug\stm8s_tim4.o section .text
                                              used in Debug\main.o
_TIM4_ClearITPendingBit            000085f0   defined in Debug\stm8s_tim4.o section .text
                                              used in Debug\stm8s_it.o
_TIM4_Cmd                          000085c4   defined in Debug\stm8s_tim4.o section .text
                                              used in Debug\main.o
_TIM4_DeInit                       ********   *** removed from Debug\stm8s_tim4.o ***
_TIM4_GenerateEvent                ********   *** removed from Debug\stm8s_tim4.o ***
_TIM4_GetCounter                   ********   *** removed from Debug\stm8s_tim4.o ***
_TIM4_GetFlagStatus                ********   *** removed from Debug\stm8s_tim4.o ***
_TIM4_GetITStatus                  ********   *** removed from Debug\stm8s_tim4.o ***
_TIM4_GetPrescaler                 ********   *** removed from Debug\stm8s_tim4.o ***
_TIM4_ITConfig                     000085d2   defined in Debug\stm8s_tim4.o section .text
                                              used in Debug\main.o
_TIM4_PrescalerConfig              ********   *** removed from Debug\stm8s_tim4.o ***
_TIM4_SelectOnePulseMode           ********   *** removed from Debug\stm8s_tim4.o ***
_TIM4_SetAutoreload                ********   *** removed from Debug\stm8s_tim4.o ***
_TIM4_SetCounter                   ********   *** removed from Debug\stm8s_tim4.o ***
_TIM4_TimeBaseInit                 000085bb   defined in Debug\stm8s_tim4.o section .text
                                              used in Debug\main.o
_TIM4_UPD_OVF_IRQHandler           00008eb4   defined in Debug\stm8s_it.o section .text
                                              used in Debug\stm8_interrupt_vector.o
_TIM4_UpdateDisableConfig          ********   *** removed from Debug\stm8s_tim4.o ***
_TIM4_UpdateRequestConfig          ********   *** removed from Debug\stm8s_tim4.o ***
_TIMER_Initializes                 0000860f   defined in Debug\main.o section .text
_TLI_IRQHandler                    00008e9e   defined in Debug\stm8s_it.o section .text
                                              used in Debug\stm8_interrupt_vector.o
_TRAP_IRQHandler                   00008e9d   defined in Debug\stm8s_it.o section .text
                                              used in Debug\stm8_interrupt_vector.o
_UART1_RX_IRQHandler               00008eb1   defined in Debug\stm8s_it.o section .text
                                              used in Debug\stm8_interrupt_vector.o
_UART1_TX_IRQHandler               00008eb0   defined in Debug\stm8s_it.o section .text
                                              used in Debug\stm8_interrupt_vector.o
__endmem                           000001ff   defined in command file
                                              *** not used ***
__endzp                            00000031   defined in command file section .ubsct
                                              used in C:\Program Files (x86)\COSMIC\CXSTM8_32K\Lib\crtsi0.sm8
__idesc__                          000080a8   defined in linker section .init
                                              used in C:\Program Files (x86)\COSMIC\CXSTM8_32K\Lib\crtsi0.sm8
__memory                           00000100   defined in command file section .bss
                                              used in C:\Program Files (x86)\COSMIC\CXSTM8_32K\Lib\crtsi0.sm8
__stack                            000003ff   defined in command file
                                              used in C:\Program Files (x86)\COSMIC\CXSTM8_32K\Lib\crtsi0.sm8
__startmem                         00000100   defined in command file section .bss
                                              *** not used ***
__stext                            000080b9   defined in C:\Program Files (x86)\COSMIC\CXSTM8_32K\Lib\crtsi0.sm8 section .text
                                              used in Debug\stm8_interrupt_vector.o
__vectab                           00008000   defined in Debug\stm8_interrupt_vector.o section .const
_exit                              00008102   defined in C:\Program Files (x86)\COSMIC\CXSTM8_32K\Lib\crtsi0.sm8 section .text
_get_BATCELL                       000088c6   defined in Debug\main.o section .text
_keysacn_delay                     00000009   defined in Debug\main.o section .ubsct
_main                              00008b4d   defined in Debug\main.o section .text
                                              used in C:\Program Files (x86)\COSMIC\CXSTM8_32K\Lib\crtsi0.sm8
_moto_ctrl_delay                   00000011   defined in Debug\main.o section .ubsct
_moto_dang                         00000002   defined in Debug\main.o section .bsct, initialized
_moto_power_run                    00000001   defined in Debug\main.o section .bsct, initialized
_moto_power_set                    00000000   defined in Debug\main.o section .bsct, initialized
_moto_solw_time                    00000015   defined in Debug\main.o section .ubsct
_moto_stop_time                    00000019   defined in Debug\main.o section .ubsct
_nowtime                           0000001d   defined in Debug\main.o section .ubsct
                                              used in Debug\stm8s_it.o
_offtime                           00000021   defined in Debug\main.o section .ubsct
                                              used in Debug\stm8s_it.o
_poweroff_delay                    0000000d   defined in Debug\main.o section .ubsct
_run_moto                          0000869c   defined in Debug\main.o section .text
c_cmulx                            ********   *** removed from (C:\Program Files (x86)\COSMIC\CXSTM8_32K\Lib\libm0.sm8)cmulx.o ***
c_divsl                            0000901d   defined in (C:\Program Files (x86)\COSMIC\CXSTM8_32K\Lib\libm0.sm8)ldiv.o section .text
                                              *** not used ***
c_divul                            00009034   defined in (C:\Program Files (x86)\COSMIC\CXSTM8_32K\Lib\libm0.sm8)ldiv.o section .text
                                              used in (C:\Program Files (x86)\COSMIC\CXSTM8_32K\Lib\libm0.sm8)ludiv.o
c_imul                             00008ee3   defined in (C:\Program Files (x86)\COSMIC\CXSTM8_32K\Lib\libm0.sm8)imul.o section .text
                                              used in Debug\stm8s_awu.o
                                                      Debug\main.o
c_ladc                             00008f04   defined in (C:\Program Files (x86)\COSMIC\CXSTM8_32K\Lib\libm0.sm8)ladc.o section .text
                                              used in Debug\main.o
c_ladd                             00008f15   defined in (C:\Program Files (x86)\COSMIC\CXSTM8_32K\Lib\libm0.sm8)ladd.o section .text
                                              used in Debug\stm8s_flash.o
                                                      Debug\main.o
c_lcmp                             00008f2d   defined in (C:\Program Files (x86)\COSMIC\CXSTM8_32K\Lib\libm0.sm8)lcmp.o section .text
                                              used in Debug\main.o
c_lgadc                            00008f4d   defined in (C:\Program Files (x86)\COSMIC\CXSTM8_32K\Lib\libm0.sm8)lgadc.o section .text
                                              used in Debug\main.o
                                                      Debug\stm8s_it.o
c_lgadd                            ********   *** removed from (C:\Program Files (x86)\COSMIC\CXSTM8_32K\Lib\libm0.sm8)lgadd.o ***
c_lgneg                            00009108   defined in (C:\Program Files (x86)\COSMIC\CXSTM8_32K\Lib\libm0.sm8)lgneg.o section .text
                                              used in (C:\Program Files (x86)\COSMIC\CXSTM8_32K\Lib\libm0.sm8)ldiv.o
c_llsh                             00008f5d   defined in (C:\Program Files (x86)\COSMIC\CXSTM8_32K\Lib\libm0.sm8)llsh.o section .text
                                              used in Debug\bsp_awu.o
                                                      Debug\main.o
c_lmul                             00008f6c   defined in (C:\Program Files (x86)\COSMIC\CXSTM8_32K\Lib\libm0.sm8)lmul.o section .text
                                              used in Debug\main.o
c_lmulc                            00008f74   defined in (C:\Program Files (x86)\COSMIC\CXSTM8_32K\Lib\libm0.sm8)lmul.o section .text
                                              *** not used ***
c_lneg                             0000911b   defined in (C:\Program Files (x86)\COSMIC\CXSTM8_32K\Lib\libm0.sm8)lneg.o section .text
                                              used in (C:\Program Files (x86)\COSMIC\CXSTM8_32K\Lib\libm0.sm8)ldiv.o
c_lreg                             00000027   defined in (C:\Program Files (x86)\COSMIC\CXSTM8_32K\Lib\libm0.sm8)lreg.o section .ubsct
                                              used in Debug\stm8s_awu.o
                                                      Debug\stm8s_clk.o
                                                      Debug\stm8s_flash.o
                                                      Debug\main.o
                                                      (C:\Program Files (x86)\COSMIC\CXSTM8_32K\Lib\libm0.sm8)cmulx.o
                                                      (C:\Program Files (x86)\COSMIC\CXSTM8_32K\Lib\libm0.sm8)ladc.o
                                                      (C:\Program Files (x86)\COSMIC\CXSTM8_32K\Lib\libm0.sm8)ladd.o
                                                      (C:\Program Files (x86)\COSMIC\CXSTM8_32K\Lib\libm0.sm8)lcmp.o
                                                      (C:\Program Files (x86)\COSMIC\CXSTM8_32K\Lib\libm0.sm8)lgadd.o
                                                      (C:\Program Files (x86)\COSMIC\CXSTM8_32K\Lib\libm0.sm8)llsh.o
                                                      (C:\Program Files (x86)\COSMIC\CXSTM8_32K\Lib\libm0.sm8)lmul.o
                                                      (C:\Program Files (x86)\COSMIC\CXSTM8_32K\Lib\libm0.sm8)ltor.o
                                                      (C:\Program Files (x86)\COSMIC\CXSTM8_32K\Lib\libm0.sm8)ldiv.o
                                                      (C:\Program Files (x86)\COSMIC\CXSTM8_32K\Lib\libm0.sm8)lneg.o
                                                      (C:\Program Files (x86)\COSMIC\CXSTM8_32K\Lib\libm0.sm8)lursh.o
                                                      (C:\Program Files (x86)\COSMIC\CXSTM8_32K\Lib\libm0.sm8)rtol.o
                                                      (C:\Program Files (x86)\COSMIC\CXSTM8_32K\Lib\libm0.sm8)smul.o
                                                      (C:\Program Files (x86)\COSMIC\CXSTM8_32K\Lib\libm0.sm8)utolx.o
                                                      (C:\Program Files (x86)\COSMIC\CXSTM8_32K\Lib\libm0.sm8)umul.o
c_ltor                             00008ff7   defined in (C:\Program Files (x86)\COSMIC\CXSTM8_32K\Lib\libm0.sm8)ltor.o section .text
                                              used in Debug\bsp_awu.o
                                                      Debug\stm8s_awu.o
                                                      Debug\stm8s_clk.o
                                                      Debug\stm8s_flash.o
                                                      Debug\main.o
c_ludv                             00009009   defined in (C:\Program Files (x86)\COSMIC\CXSTM8_32K\Lib\libm0.sm8)ludiv.o section .text
                                              used in Debug\bsp_awu.o
                                                      Debug\stm8s_awu.o
                                                      Debug\stm8s_clk.o
                                                      Debug\main.o
c_lursh                            00009130   defined in (C:\Program Files (x86)\COSMIC\CXSTM8_32K\Lib\libm0.sm8)lursh.o section .text
                                              used in Debug\main.o
c_rtol                             0000913f   defined in (C:\Program Files (x86)\COSMIC\CXSTM8_32K\Lib\libm0.sm8)rtol.o section .text
                                              used in Debug\bsp_awu.o
                                                      Debug\stm8s_clk.o
                                                      Debug\stm8s_flash.o
                                                      Debug\main.o
c_smul                             00009151   defined in (C:\Program Files (x86)\COSMIC\CXSTM8_32K\Lib\libm0.sm8)smul.o section .text
                                              used in Debug\main.o
c_uitolx                           00009190   defined in (C:\Program Files (x86)\COSMIC\CXSTM8_32K\Lib\libm0.sm8)utolx.o section .text
                                              used in Debug\bsp_awu.o
                                                      Debug\main.o
c_umul                             ********   *** removed from (C:\Program Files (x86)\COSMIC\CXSTM8_32K\Lib\libm0.sm8)umul.o ***
c_x                                0000002b   defined in (C:\Program Files (x86)\COSMIC\CXSTM8_32K\Lib\libm0.sm8)xreg.o section .ubsct
                                              used in C:\Program Files (x86)\COSMIC\CXSTM8_32K\Lib\crtsi0.sm8
                                                      Debug\stm8s_awu.o
                                                      Debug\stm8s_it.o
                                                      (C:\Program Files (x86)\COSMIC\CXSTM8_32K\Lib\libm0.sm8)imul.o
                                                      (C:\Program Files (x86)\COSMIC\CXSTM8_32K\Lib\libm0.sm8)lmul.o
                                                      (C:\Program Files (x86)\COSMIC\CXSTM8_32K\Lib\libm0.sm8)ldiv.o
                                                      (C:\Program Files (x86)\COSMIC\CXSTM8_32K\Lib\libm0.sm8)umul.o
c_y                                0000002e   defined in (C:\Program Files (x86)\COSMIC\CXSTM8_32K\Lib\libm0.sm8)yreg.o section .ubsct
                                              used in C:\Program Files (x86)\COSMIC\CXSTM8_32K\Lib\crtsi0.sm8
                                                      Debug\stm8s_it.o
                                                      (C:\Program Files (x86)\COSMIC\CXSTM8_32K\Lib\libm0.sm8)umul.o
